// Jest Snapshot v1, https://goo.gl/fbAQLP

exports[`UrlContainer should match snapshot 1`] = `
<section>
  <p>
    No urls yet! Find some to shorten!
  </p>
</section>
`;
